<?xml version="1.0"?>
<link_info>
   <banner>TI ARM Linker Unix v16.9.0.LTS</banner>
   <copyright>Copyright (c) 1996-2015 Texas Instruments Incorporated</copyright>
   <link_time>0x58d20cf3</link_time>
   <link_errors>0x0</link_errors>
   <output_file>picoamp.out</output_file>
   <entry_point>
      <name>_c_int00</name>
      <address>0x9474</address>
   </entry_point>
   <input_file_list>
      <input_file id="fl-2">
         <path>./picoamp/source/</path>
         <kind>object</kind>
         <file>adc.obj</file>
         <name>adc.obj</name>
      </input_file>
      <input_file id="fl-3">
         <path>./picoamp/source/</path>
         <kind>object</kind>
         <file>can.obj</file>
         <name>can.obj</name>
      </input_file>
      <input_file id="fl-4">
         <path>./picoamp/source/</path>
         <kind>object</kind>
         <file>crc.obj</file>
         <name>crc.obj</name>
      </input_file>
      <input_file id="fl-5">
         <path>./picoamp/source/</path>
         <kind>object</kind>
         <file>dabort.obj</file>
         <name>dabort.obj</name>
      </input_file>
      <input_file id="fl-6">
         <path>./picoamp/source/</path>
         <kind>object</kind>
         <file>dcc.obj</file>
         <name>dcc.obj</name>
      </input_file>
      <input_file id="fl-7">
         <path>./picoamp/source/</path>
         <kind>object</kind>
         <file>ecap.obj</file>
         <name>ecap.obj</name>
      </input_file>
      <input_file id="fl-8">
         <path>./picoamp/source/</path>
         <kind>object</kind>
         <file>eqep.obj</file>
         <name>eqep.obj</name>
      </input_file>
      <input_file id="fl-9">
         <path>./picoamp/source/</path>
         <kind>object</kind>
         <file>esm.obj</file>
         <name>esm.obj</name>
      </input_file>
      <input_file id="fl-a">
         <path>./picoamp/source/</path>
         <kind>object</kind>
         <file>etpwm.obj</file>
         <name>etpwm.obj</name>
      </input_file>
      <input_file id="fl-b">
         <path>./picoamp/source/</path>
         <kind>object</kind>
         <file>gio.obj</file>
         <name>gio.obj</name>
      </input_file>
      <input_file id="fl-c">
         <path>./picoamp/source/</path>
         <kind>object</kind>
         <file>het.obj</file>
         <name>het.obj</name>
      </input_file>
      <input_file id="fl-d">
         <path>./picoamp/source/</path>
         <kind>object</kind>
         <file>i2c.obj</file>
         <name>i2c.obj</name>
      </input_file>
      <input_file id="fl-e">
         <path>./picoamp/source/</path>
         <kind>object</kind>
         <file>lin.obj</file>
         <name>lin.obj</name>
      </input_file>
      <input_file id="fl-f">
         <path>./picoamp/source/</path>
         <kind>object</kind>
         <file>mibspi.obj</file>
         <name>mibspi.obj</name>
      </input_file>
      <input_file id="fl-10">
         <path>./picoamp/source/</path>
         <kind>object</kind>
         <file>notification.obj</file>
         <name>notification.obj</name>
      </input_file>
      <input_file id="fl-11">
         <path>./picoamp/source/</path>
         <kind>object</kind>
         <file>pinmux.obj</file>
         <name>pinmux.obj</name>
      </input_file>
      <input_file id="fl-12">
         <path>./picoamp/source/</path>
         <kind>object</kind>
         <file>rti.obj</file>
         <name>rti.obj</name>
      </input_file>
      <input_file id="fl-13">
         <path>./picoamp/source/</path>
         <kind>object</kind>
         <file>sci.obj</file>
         <name>sci.obj</name>
      </input_file>
      <input_file id="fl-14">
         <path>./picoamp/source/</path>
         <kind>object</kind>
         <file>spi.obj</file>
         <name>spi.obj</name>
      </input_file>
      <input_file id="fl-15">
         <path>./picoamp/source/</path>
         <kind>object</kind>
         <file>sys_core.obj</file>
         <name>sys_core.obj</name>
      </input_file>
      <input_file id="fl-16">
         <path>./picoamp/source/</path>
         <kind>object</kind>
         <file>sys_dma.obj</file>
         <name>sys_dma.obj</name>
      </input_file>
      <input_file id="fl-17">
         <path>./picoamp/source/</path>
         <kind>object</kind>
         <file>sys_intvecs.obj</file>
         <name>sys_intvecs.obj</name>
      </input_file>
      <input_file id="fl-18">
         <path>./picoamp/source/</path>
         <kind>object</kind>
         <file>sys_main.obj</file>
         <name>sys_main.obj</name>
      </input_file>
      <input_file id="fl-19">
         <path>./picoamp/source/</path>
         <kind>object</kind>
         <file>sys_mpu.obj</file>
         <name>sys_mpu.obj</name>
      </input_file>
      <input_file id="fl-1a">
         <path>./picoamp/source/</path>
         <kind>object</kind>
         <file>sys_pcr.obj</file>
         <name>sys_pcr.obj</name>
      </input_file>
      <input_file id="fl-1b">
         <path>./picoamp/source/</path>
         <kind>object</kind>
         <file>sys_phantom.obj</file>
         <name>sys_phantom.obj</name>
      </input_file>
      <input_file id="fl-1c">
         <path>./picoamp/source/</path>
         <kind>object</kind>
         <file>sys_pmm.obj</file>
         <name>sys_pmm.obj</name>
      </input_file>
      <input_file id="fl-1d">
         <path>./picoamp/source/</path>
         <kind>object</kind>
         <file>sys_pmu.obj</file>
         <name>sys_pmu.obj</name>
      </input_file>
      <input_file id="fl-1e">
         <path>./picoamp/source/</path>
         <kind>object</kind>
         <file>sys_selftest.obj</file>
         <name>sys_selftest.obj</name>
      </input_file>
      <input_file id="fl-1f">
         <path>./picoamp/source/</path>
         <kind>object</kind>
         <file>sys_startup.obj</file>
         <name>sys_startup.obj</name>
      </input_file>
      <input_file id="fl-20">
         <path>./picoamp/source/</path>
         <kind>object</kind>
         <file>sys_vim.obj</file>
         <name>sys_vim.obj</name>
      </input_file>
      <input_file id="fl-21">
         <path>./picoamp/source/</path>
         <kind>object</kind>
         <file>system.obj</file>
         <name>system.obj</name>
      </input_file>
      <input_file id="fl-26">
         <path>/Applications/ti/ccsv7/tools/compiler/ti-cgt-arm_16.9.0.LTS/lib/</path>
         <kind>archive</kind>
         <file>rtsv7R4_T_be_v3D16_eabi.lib</file>
         <name>autoinit.obj</name>
      </input_file>
      <input_file id="fl-27">
         <path>/Applications/ti/ccsv7/tools/compiler/ti-cgt-arm_16.9.0.LTS/lib/</path>
         <kind>archive</kind>
         <file>rtsv7R4_T_be_v3D16_eabi.lib</file>
         <name>copy_decompress_lzss.obj</name>
      </input_file>
      <input_file id="fl-28">
         <path>/Applications/ti/ccsv7/tools/compiler/ti-cgt-arm_16.9.0.LTS/lib/</path>
         <kind>archive</kind>
         <file>rtsv7R4_T_be_v3D16_eabi.lib</file>
         <name>copy_decompress_none.obj</name>
      </input_file>
      <input_file id="fl-29">
         <path>/Applications/ti/ccsv7/tools/compiler/ti-cgt-arm_16.9.0.LTS/lib/</path>
         <kind>archive</kind>
         <file>rtsv7R4_T_be_v3D16_eabi.lib</file>
         <name>copy_zero_init.obj</name>
      </input_file>
      <input_file id="fl-2a">
         <path>/Applications/ti/ccsv7/tools/compiler/ti-cgt-arm_16.9.0.LTS/lib/</path>
         <kind>archive</kind>
         <file>rtsv7R4_T_be_v3D16_eabi.lib</file>
         <name>cpy_tbl.obj</name>
      </input_file>
      <input_file id="fl-2b">
         <path>/Applications/ti/ccsv7/tools/compiler/ti-cgt-arm_16.9.0.LTS/lib/</path>
         <kind>archive</kind>
         <file>rtsv7R4_T_be_v3D16_eabi.lib</file>
         <name>exit.obj</name>
      </input_file>
      <input_file id="fl-2c">
         <path>/Applications/ti/ccsv7/tools/compiler/ti-cgt-arm_16.9.0.LTS/lib/</path>
         <kind>archive</kind>
         <file>rtsv7R4_T_be_v3D16_eabi.lib</file>
         <name>memcpy_t2.obj</name>
      </input_file>
      <input_file id="fl-2d">
         <path>/Applications/ti/ccsv7/tools/compiler/ti-cgt-arm_16.9.0.LTS/lib/</path>
         <kind>archive</kind>
         <file>rtsv7R4_T_be_v3D16_eabi.lib</file>
         <name>memset_t2.obj</name>
      </input_file>
      <input_file id="fl-2e">
         <path>/Applications/ti/ccsv7/tools/compiler/ti-cgt-arm_16.9.0.LTS/lib/</path>
         <kind>archive</kind>
         <file>rtsv7R4_T_be_v3D16_eabi.lib</file>
         <name>printf.obj</name>
      </input_file>
      <input_file id="fl-2f">
         <path>/Applications/ti/ccsv7/tools/compiler/ti-cgt-arm_16.9.0.LTS/lib/</path>
         <kind>archive</kind>
         <file>rtsv7R4_T_be_v3D16_eabi.lib</file>
         <name>s_floor.obj</name>
      </input_file>
      <input_file id="fl-30">
         <path>/Applications/ti/ccsv7/tools/compiler/ti-cgt-arm_16.9.0.LTS/lib/</path>
         <kind>archive</kind>
         <file>rtsv7R4_T_be_v3D16_eabi.lib</file>
         <name>startup.obj</name>
      </input_file>
      <input_file id="fl-31">
         <path>/Applications/ti/ccsv7/tools/compiler/ti-cgt-arm_16.9.0.LTS/lib/</path>
         <kind>archive</kind>
         <file>rtsv7R4_T_be_v3D16_eabi.lib</file>
         <name>u_div32.obj</name>
      </input_file>
      <input_file id="fl-32">
         <path>/Applications/ti/ccsv7/tools/compiler/ti-cgt-arm_16.9.0.LTS/lib/</path>
         <kind>archive</kind>
         <file>rtsv7R4_T_be_v3D16_eabi.lib</file>
         <name>_lock.obj</name>
      </input_file>
      <input_file id="fl-33">
         <path>/Applications/ti/ccsv7/tools/compiler/ti-cgt-arm_16.9.0.LTS/lib/</path>
         <kind>archive</kind>
         <file>rtsv7R4_T_be_v3D16_eabi.lib</file>
         <name>_printfi.obj</name>
      </input_file>
      <input_file id="fl-34">
         <path>/Applications/ti/ccsv7/tools/compiler/ti-cgt-arm_16.9.0.LTS/lib/</path>
         <kind>archive</kind>
         <file>rtsv7R4_T_be_v3D16_eabi.lib</file>
         <name>atoi.obj</name>
      </input_file>
      <input_file id="fl-35">
         <path>/Applications/ti/ccsv7/tools/compiler/ti-cgt-arm_16.9.0.LTS/lib/</path>
         <kind>archive</kind>
         <file>rtsv7R4_T_be_v3D16_eabi.lib</file>
         <name>ctype.obj</name>
      </input_file>
      <input_file id="fl-36">
         <path>/Applications/ti/ccsv7/tools/compiler/ti-cgt-arm_16.9.0.LTS/lib/</path>
         <kind>archive</kind>
         <file>rtsv7R4_T_be_v3D16_eabi.lib</file>
         <name>defs.obj</name>
      </input_file>
      <input_file id="fl-37">
         <path>/Applications/ti/ccsv7/tools/compiler/ti-cgt-arm_16.9.0.LTS/lib/</path>
         <kind>archive</kind>
         <file>rtsv7R4_T_be_v3D16_eabi.lib</file>
         <name>fputc.obj</name>
      </input_file>
      <input_file id="fl-38">
         <path>/Applications/ti/ccsv7/tools/compiler/ti-cgt-arm_16.9.0.LTS/lib/</path>
         <kind>archive</kind>
         <file>rtsv7R4_T_be_v3D16_eabi.lib</file>
         <name>fputs.obj</name>
      </input_file>
      <input_file id="fl-39">
         <path>/Applications/ti/ccsv7/tools/compiler/ti-cgt-arm_16.9.0.LTS/lib/</path>
         <kind>archive</kind>
         <file>rtsv7R4_T_be_v3D16_eabi.lib</file>
         <name>i_div0.obj</name>
      </input_file>
      <input_file id="fl-3a">
         <path>/Applications/ti/ccsv7/tools/compiler/ti-cgt-arm_16.9.0.LTS/lib/</path>
         <kind>archive</kind>
         <file>rtsv7R4_T_be_v3D16_eabi.lib</file>
         <name>lowlev.obj</name>
      </input_file>
      <input_file id="fl-3b">
         <path>/Applications/ti/ccsv7/tools/compiler/ti-cgt-arm_16.9.0.LTS/lib/</path>
         <kind>archive</kind>
         <file>rtsv7R4_T_be_v3D16_eabi.lib</file>
         <name>ltoa.obj</name>
      </input_file>
      <input_file id="fl-3c">
         <path>/Applications/ti/ccsv7/tools/compiler/ti-cgt-arm_16.9.0.LTS/lib/</path>
         <kind>archive</kind>
         <file>rtsv7R4_T_be_v3D16_eabi.lib</file>
         <name>memccpy.obj</name>
      </input_file>
      <input_file id="fl-3d">
         <path>/Applications/ti/ccsv7/tools/compiler/ti-cgt-arm_16.9.0.LTS/lib/</path>
         <kind>archive</kind>
         <file>rtsv7R4_T_be_v3D16_eabi.lib</file>
         <name>memchr.obj</name>
      </input_file>
      <input_file id="fl-3e">
         <path>/Applications/ti/ccsv7/tools/compiler/ti-cgt-arm_16.9.0.LTS/lib/</path>
         <kind>archive</kind>
         <file>rtsv7R4_T_be_v3D16_eabi.lib</file>
         <name>s_frexp.obj</name>
      </input_file>
      <input_file id="fl-3f">
         <path>/Applications/ti/ccsv7/tools/compiler/ti-cgt-arm_16.9.0.LTS/lib/</path>
         <kind>archive</kind>
         <file>rtsv7R4_T_be_v3D16_eabi.lib</file>
         <name>s_scalbn.obj</name>
      </input_file>
      <input_file id="fl-40">
         <path>/Applications/ti/ccsv7/tools/compiler/ti-cgt-arm_16.9.0.LTS/lib/</path>
         <kind>archive</kind>
         <file>rtsv7R4_T_be_v3D16_eabi.lib</file>
         <name>strchr.obj</name>
      </input_file>
      <input_file id="fl-41">
         <path>/Applications/ti/ccsv7/tools/compiler/ti-cgt-arm_16.9.0.LTS/lib/</path>
         <kind>archive</kind>
         <file>rtsv7R4_T_be_v3D16_eabi.lib</file>
         <name>strcmp.obj</name>
      </input_file>
      <input_file id="fl-42">
         <path>/Applications/ti/ccsv7/tools/compiler/ti-cgt-arm_16.9.0.LTS/lib/</path>
         <kind>archive</kind>
         <file>rtsv7R4_T_be_v3D16_eabi.lib</file>
         <name>strlen.obj</name>
      </input_file>
      <input_file id="fl-43">
         <path>/Applications/ti/ccsv7/tools/compiler/ti-cgt-arm_16.9.0.LTS/lib/</path>
         <kind>archive</kind>
         <file>rtsv7R4_T_be_v3D16_eabi.lib</file>
         <name>strncpy.obj</name>
      </input_file>
      <input_file id="fl-44">
         <path>/Applications/ti/ccsv7/tools/compiler/ti-cgt-arm_16.9.0.LTS/lib/</path>
         <kind>archive</kind>
         <file>rtsv7R4_T_be_v3D16_eabi.lib</file>
         <name>trgdrv.obj</name>
      </input_file>
      <input_file id="fl-45">
         <path>/Applications/ti/ccsv7/tools/compiler/ti-cgt-arm_16.9.0.LTS/lib/</path>
         <kind>archive</kind>
         <file>rtsv7R4_T_be_v3D16_eabi.lib</file>
         <name>trgmsg.obj</name>
      </input_file>
      <input_file id="fl-46">
         <path>/Applications/ti/ccsv7/tools/compiler/ti-cgt-arm_16.9.0.LTS/lib/</path>
         <kind>archive</kind>
         <file>rtsv7R4_T_be_v3D16_eabi.lib</file>
         <name>ull_div32.obj</name>
      </input_file>
      <input_file id="fl-47">
         <path>/Applications/ti/ccsv7/tools/compiler/ti-cgt-arm_16.9.0.LTS/lib/</path>
         <kind>archive</kind>
         <file>rtsv7R4_T_be_v3D16_eabi.lib</file>
         <name>_io_perm.obj</name>
      </input_file>
      <input_file id="fl-48">
         <path>/Applications/ti/ccsv7/tools/compiler/ti-cgt-arm_16.9.0.LTS/lib/</path>
         <kind>archive</kind>
         <file>rtsv7R4_T_be_v3D16_eabi.lib</file>
         <name>errno.obj</name>
      </input_file>
      <input_file id="fl-49">
         <path>/Applications/ti/ccsv7/tools/compiler/ti-cgt-arm_16.9.0.LTS/lib/</path>
         <kind>archive</kind>
         <file>rtsv7R4_T_be_v3D16_eabi.lib</file>
         <name>fflush.obj</name>
      </input_file>
      <input_file id="fl-4a">
         <path>/Applications/ti/ccsv7/tools/compiler/ti-cgt-arm_16.9.0.LTS/lib/</path>
         <kind>archive</kind>
         <file>rtsv7R4_T_be_v3D16_eabi.lib</file>
         <name>fseek.obj</name>
      </input_file>
      <input_file id="fl-4b">
         <path>/Applications/ti/ccsv7/tools/compiler/ti-cgt-arm_16.9.0.LTS/lib/</path>
         <kind>archive</kind>
         <file>rtsv7R4_T_be_v3D16_eabi.lib</file>
         <name>s_copysign.obj</name>
      </input_file>
      <input_file id="fl-4c">
         <path>/Applications/ti/ccsv7/tools/compiler/ti-cgt-arm_16.9.0.LTS/lib/</path>
         <kind>archive</kind>
         <file>rtsv7R4_T_be_v3D16_eabi.lib</file>
         <name>setvbuf.obj</name>
      </input_file>
      <input_file id="fl-4d">
         <path>/Applications/ti/ccsv7/tools/compiler/ti-cgt-arm_16.9.0.LTS/lib/</path>
         <kind>archive</kind>
         <file>rtsv7R4_T_be_v3D16_eabi.lib</file>
         <name>strcpy.obj</name>
      </input_file>
      <input_file id="fl-4e">
         <path>/Applications/ti/ccsv7/tools/compiler/ti-cgt-arm_16.9.0.LTS/lib/</path>
         <kind>archive</kind>
         <file>rtsv7R4_T_be_v3D16_eabi.lib</file>
         <name>fopen.obj</name>
      </input_file>
      <input_file id="fl-4f">
         <path>/Applications/ti/ccsv7/tools/compiler/ti-cgt-arm_16.9.0.LTS/lib/</path>
         <kind>archive</kind>
         <file>rtsv7R4_T_be_v3D16_eabi.lib</file>
         <name>memory.obj</name>
      </input_file>
      <input_file id="fl-50">
         <path>/Applications/ti/ccsv7/tools/compiler/ti-cgt-arm_16.9.0.LTS/lib/</path>
         <kind>archive</kind>
         <file>rtsv7R4_T_be_v3D16_eabi.lib</file>
         <name>fclose.obj</name>
      </input_file>
      <input_file id="fl-51">
         <path>/Applications/ti/ccsv7/tools/compiler/ti-cgt-arm_16.9.0.LTS/lib/</path>
         <kind>archive</kind>
         <file>rtsv7R4_T_be_v3D16_eabi.lib</file>
         <name>remove.obj</name>
      </input_file>
   </input_file_list>
   <object_component_list>
      <object_component id="oc-2e">
         <name>.intvecs</name>
         <load_address>0x0</load_address>
         <run_address>0x0</run_address>
         <size>0x20</size>
         <input_file_ref idref="fl-17"/>
      </object_component>
      <object_component id="oc-76">
         <name>.text</name>
         <load_address>0x20</load_address>
         <run_address>0x20</run_address>
         <size>0x2cdc</size>
         <input_file_ref idref="fl-1e"/>
      </object_component>
      <object_component id="oc-102">
         <name>.text</name>
         <load_address>0x2cfc</load_address>
         <run_address>0x2cfc</run_address>
         <size>0x14c4</size>
         <input_file_ref idref="fl-f"/>
      </object_component>
      <object_component id="oc-1c7">
         <name>.text</name>
         <load_address>0x41c0</load_address>
         <run_address>0x41c0</run_address>
         <size>0x107a</size>
         <input_file_ref idref="fl-33"/>
      </object_component>
      <object_component id="oc-ee">
         <name>.text</name>
         <load_address>0x523a</load_address>
         <run_address>0x523a</run_address>
         <size>0x2</size>
         <input_file_ref idref="fl-30"/>
      </object_component>
      <object_component id="oc-70">
         <name>.text</name>
         <load_address>0x523c</load_address>
         <run_address>0x523c</run_address>
         <size>0xb28</size>
         <input_file_ref idref="fl-21"/>
      </object_component>
      <object_component id="oc-3a">
         <name>.text</name>
         <load_address>0x5d64</load_address>
         <run_address>0x5d64</run_address>
         <size>0xa54</size>
         <input_file_ref idref="fl-20"/>
      </object_component>
      <object_component id="oc-d2">
         <name>.text</name>
         <load_address>0x67b8</load_address>
         <run_address>0x67b8</run_address>
         <size>0x8cc</size>
         <input_file_ref idref="fl-11"/>
      </object_component>
      <object_component id="oc-88">
         <name>.text</name>
         <load_address>0x7084</load_address>
         <run_address>0x7084</run_address>
         <size>0x6a8</size>
         <input_file_ref idref="fl-18"/>
      </object_component>
      <object_component id="oc-7c">
         <name>.text</name>
         <load_address>0x772c</load_address>
         <run_address>0x772c</run_address>
         <size>0x5d8</size>
         <input_file_ref idref="fl-9"/>
      </object_component>
      <object_component id="oc-f6">
         <name>.text</name>
         <load_address>0x7d04</load_address>
         <run_address>0x7d04</run_address>
         <size>0x484</size>
         <input_file_ref idref="fl-b"/>
      </object_component>
      <object_component id="oc-367">
         <name>.text</name>
         <load_address>0x8188</load_address>
         <run_address>0x8188</run_address>
         <size>0x3d8</size>
         <input_file_ref idref="fl-4f"/>
      </object_component>
      <object_component id="oc-6b">
         <name>.text</name>
         <load_address>0x8560</load_address>
         <run_address>0x8560</run_address>
         <size>0x34c</size>
         <input_file_ref idref="fl-15"/>
      </object_component>
      <object_component id="oc-384">
         <name>.text</name>
         <load_address>0x88ac</load_address>
         <run_address>0x88ac</run_address>
         <size>0x320</size>
         <input_file_ref idref="fl-44"/>
      </object_component>
      <object_component id="oc-260">
         <name>.text</name>
         <load_address>0x8bcc</load_address>
         <run_address>0x8bcc</run_address>
         <size>0x314</size>
         <input_file_ref idref="fl-3a"/>
      </object_component>
      <object_component id="oc-39">
         <name>.text:retain</name>
         <load_address>0x8ee0</load_address>
         <run_address>0x8ee0</run_address>
         <size>0x2dc</size>
         <input_file_ref idref="fl-20"/>
      </object_component>
      <object_component id="oc-276">
         <name>.text</name>
         <load_address>0x91bc</load_address>
         <run_address>0x91bc</run_address>
         <size>0x2b8</size>
         <input_file_ref idref="fl-46"/>
      </object_component>
      <object_component id="oc-1f">
         <name>.text:retain</name>
         <load_address>0x9474</load_address>
         <run_address>0x9474</run_address>
         <size>0x27c</size>
         <input_file_ref idref="fl-1f"/>
      </object_component>
      <object_component id="oc-95">
         <name>.text</name>
         <load_address>0x96f0</load_address>
         <run_address>0x96f0</run_address>
         <size>0x21c</size>
         <input_file_ref idref="fl-10"/>
      </object_component>
      <object_component id="oc-36d">
         <name>.text</name>
         <load_address>0x990c</load_address>
         <run_address>0x990c</run_address>
         <size>0x1c8</size>
         <input_file_ref idref="fl-4e"/>
      </object_component>
      <object_component id="oc-1c1">
         <name>.text</name>
         <load_address>0x9ad4</load_address>
         <run_address>0x9ad4</run_address>
         <size>0x138</size>
         <input_file_ref idref="fl-38"/>
      </object_component>
      <object_component id="oc-25">
         <name>.text:retain</name>
         <load_address>0x9c0c</load_address>
         <run_address>0x9c0c</run_address>
         <size>0x114</size>
         <input_file_ref idref="fl-9"/>
      </object_component>
      <object_component id="oc-287">
         <name>.text</name>
         <load_address>0x9d20</load_address>
         <run_address>0x9d20</run_address>
         <size>0xf4</size>
         <input_file_ref idref="fl-3f"/>
      </object_component>
      <object_component id="oc-a4">
         <name>.text</name>
         <load_address>0x9e14</load_address>
         <run_address>0x9e14</run_address>
         <size>0xe8</size>
         <input_file_ref idref="fl-5"/>
      </object_component>
      <object_component id="oc-da">
         <name>.text</name>
         <load_address>0x9efc</load_address>
         <run_address>0x9efc</run_address>
         <size>0xe0</size>
         <input_file_ref idref="fl-1d"/>
      </object_component>
      <object_component id="oc-2e8">
         <name>.text</name>
         <load_address>0x9fdc</load_address>
         <run_address>0x9fdc</run_address>
         <size>0xdc</size>
         <input_file_ref idref="fl-4c"/>
      </object_component>
      <object_component id="oc-25a">
         <name>.text</name>
         <load_address>0xa0b8</load_address>
         <run_address>0xa0b8</run_address>
         <size>0xcc</size>
         <input_file_ref idref="fl-49"/>
      </object_component>
      <object_component id="oc-254">
         <name>.text</name>
         <load_address>0xa184</load_address>
         <run_address>0xa184</run_address>
         <size>0xae</size>
         <input_file_ref idref="fl-47"/>
      </object_component>
      <object_component id="oc-53">
         <name>.text</name>
         <load_address>0xa232</load_address>
         <run_address>0xa232</run_address>
         <size>0x9c</size>
         <input_file_ref idref="fl-2c"/>
      </object_component>
      <object_component id="oc-3af">
         <name>.text</name>
         <load_address>0xa2d0</load_address>
         <run_address>0xa2d0</run_address>
         <size>0x98</size>
         <input_file_ref idref="fl-50"/>
      </object_component>
      <object_component id="oc-1bb">
         <name>.text</name>
         <load_address>0xa368</load_address>
         <run_address>0xa368</run_address>
         <size>0x98</size>
         <input_file_ref idref="fl-37"/>
      </object_component>
      <object_component id="oc-5f">
         <name>.text</name>
         <load_address>0xa400</load_address>
         <run_address>0xa400</run_address>
         <size>0x7a</size>
         <input_file_ref idref="fl-2d"/>
      </object_component>
      <object_component id="oc-281">
         <name>.text</name>
         <load_address>0xa47c</load_address>
         <run_address>0xa47c</run_address>
         <size>0x74</size>
         <input_file_ref idref="fl-3e"/>
      </object_component>
      <object_component id="oc-82">
         <name>.text</name>
         <load_address>0xa4f0</load_address>
         <run_address>0xa4f0</run_address>
         <size>0x70</size>
         <input_file_ref idref="fl-26"/>
      </object_component>
      <object_component id="oc-fc">
         <name>.text</name>
         <load_address>0xa560</load_address>
         <run_address>0xa560</run_address>
         <size>0x70</size>
         <input_file_ref idref="fl-2e"/>
      </object_component>
      <object_component id="oc-d">
         <name>.text:decompress:lzss</name>
         <load_address>0xa5d0</load_address>
         <run_address>0xa5d0</run_address>
         <size>0x6c</size>
         <input_file_ref idref="fl-27"/>
      </object_component>
      <object_component id="oc-3be">
         <name>.text</name>
         <load_address>0xa63c</load_address>
         <run_address>0xa63c</run_address>
         <size>0x6c</size>
         <input_file_ref idref="fl-45"/>
      </object_component>
      <object_component id="oc-2e2">
         <name>.text</name>
         <load_address>0xa6a8</load_address>
         <run_address>0xa6a8</run_address>
         <size>0x64</size>
         <input_file_ref idref="fl-4a"/>
      </object_component>
      <object_component id="oc-27b">
         <name>.text</name>
         <load_address>0xa70c</load_address>
         <run_address>0xa70c</run_address>
         <size>0x56</size>
         <input_file_ref idref="fl-3b"/>
      </object_component>
      <object_component id="oc-293">
         <name>.text</name>
         <load_address>0xa764</load_address>
         <run_address>0xa764</run_address>
         <size>0x50</size>
         <input_file_ref idref="fl-34"/>
      </object_component>
      <object_component id="oc-8e">
         <name>.text</name>
         <load_address>0xa7b4</load_address>
         <run_address>0xa7b4</run_address>
         <size>0x50</size>
         <input_file_ref idref="fl-2b"/>
      </object_component>
      <object_component id="oc-e8">
         <name>.text</name>
         <load_address>0xa804</load_address>
         <run_address>0xa804</run_address>
         <size>0x4c</size>
         <input_file_ref idref="fl-2a"/>
      </object_component>
      <object_component id="oc-2fb">
         <name>.text</name>
         <load_address>0xa850</load_address>
         <run_address>0xa850</run_address>
         <size>0x36</size>
         <input_file_ref idref="fl-43"/>
      </object_component>
      <object_component id="oc-26e">
         <name>.text</name>
         <load_address>0xa886</load_address>
         <run_address>0xa886</run_address>
         <size>0x20</size>
         <input_file_ref idref="fl-3d"/>
      </object_component>
      <object_component id="oc-299">
         <name>.text</name>
         <load_address>0xa8a6</load_address>
         <run_address>0xa8a6</run_address>
         <size>0x1c</size>
         <input_file_ref idref="fl-3c"/>
      </object_component>
      <object_component id="oc-31e">
         <name>.text</name>
         <load_address>0xa8c2</load_address>
         <run_address>0xa8c2</run_address>
         <size>0x18</size>
         <input_file_ref idref="fl-4b"/>
      </object_component>
      <object_component id="oc-2f5">
         <name>.text</name>
         <load_address>0xa8da</load_address>
         <run_address>0xa8da</run_address>
         <size>0x18</size>
         <input_file_ref idref="fl-41"/>
      </object_component>
      <object_component id="oc-28d">
         <name>.text</name>
         <load_address>0xa8f2</load_address>
         <run_address>0xa8f2</run_address>
         <size>0x16</size>
         <input_file_ref idref="fl-40"/>
      </object_component>
      <object_component id="oc-268">
         <name>.text</name>
         <load_address>0xa908</load_address>
         <run_address>0xa908</run_address>
         <size>0x16</size>
         <input_file_ref idref="fl-42"/>
      </object_component>
      <object_component id="oc-1ef">
         <name>.text</name>
         <load_address>0xa920</load_address>
         <run_address>0xa920</run_address>
         <size>0x14</size>
         <input_file_ref idref="fl-32"/>
      </object_component>
      <object_component id="oc-3c4">
         <name>.text</name>
         <load_address>0xa934</load_address>
         <run_address>0xa934</run_address>
         <size>0x14</size>
         <input_file_ref idref="fl-4d"/>
      </object_component>
      <object_component id="oc-13">
         <name>.text:decompress:none</name>
         <load_address>0xa948</load_address>
         <run_address>0xa948</run_address>
         <size>0xe</size>
         <input_file_ref idref="fl-28"/>
      </object_component>
      <object_component id="oc-19">
         <name>.text:decompress:ZI</name>
         <load_address>0xa956</load_address>
         <run_address>0xa956</run_address>
         <size>0xc</size>
         <input_file_ref idref="fl-29"/>
      </object_component>
      <object_component id="oc-33">
         <name>.text:retain</name>
         <load_address>0xa964</load_address>
         <run_address>0xa964</run_address>
         <size>0x4</size>
         <input_file_ref idref="fl-1b"/>
      </object_component>
      <object_component id="oc-2b">
         <name>.const:s_vim_init</name>
         <load_address>0xa968</load_address>
         <run_address>0xa968</run_address>
         <size>0x200</size>
         <input_file_ref idref="fl-20"/>
      </object_component>
      <object_component id="oc-32b">
         <name>.const:.string:_ctypes_</name>
         <load_address>0xab68</load_address>
         <run_address>0xab68</run_address>
         <size>0x101</size>
         <input_file_ref idref="fl-35"/>
      </object_component>
      <object_component id="oc-108">
         <name>.const</name>
         <load_address>0xac6c</load_address>
         <run_address>0xac6c</run_address>
         <size>0x24</size>
         <input_file_ref idref="fl-18"/>
      </object_component>
      <object_component id="oc-410">
         <name>.cinit..data.load</name>
         <load_address>0xac90</load_address>
         <run_address>0xac90</run_address>
         <size>0x6e</size>
      </object_component>
      <object_component id="oc-40d">
         <name>__TI_handler_table</name>
         <load_address>0xad00</load_address>
         <run_address>0xad00</run_address>
         <size>0xc</size>
      </object_component>
      <object_component id="oc-40f">
         <name>.cinit..bss.load</name>
         <load_address>0xad10</load_address>
         <run_address>0xad10</run_address>
         <size>0x8</size>
      </object_component>
      <object_component id="oc-40e">
         <name>__TI_cinit_table</name>
         <load_address>0xad18</load_address>
         <run_address>0xad18</run_address>
         <size>0x10</size>
      </object_component>
      <object_component id="oc-10e">
         <name>.bss:sine_wave</name>
         <uninitialized>true</uninitialized>
         <run_address>0x8001500</run_address>
         <size>0x1000</size>
         <input_file_ref idref="fl-18"/>
      </object_component>
      <object_component id="oc-111">
         <name>.bss:DAC_write_word</name>
         <uninitialized>true</uninitialized>
         <run_address>0x80026c8</run_address>
         <size>0x4</size>
         <input_file_ref idref="fl-18"/>
      </object_component>
      <object_component id="oc-3ca">
         <name>.bss:parmbuf</name>
         <uninitialized>true</uninitialized>
         <run_address>0x80026c0</run_address>
         <size>0x8</size>
         <input_file_ref idref="fl-44"/>
      </object_component>
      <object_component id="oc-3dd">
         <name>.bss:_CIOBUF_</name>
         <uninitialized>true</uninitialized>
         <run_address>0x8002500</run_address>
         <size>0x120</size>
         <input_file_ref idref="fl-45"/>
      </object_component>
      <object_component id="oc-3d8">
         <name>.common:__TI_tmpnams</name>
         <uninitialized>true</uninitialized>
         <run_address>0x8002620</run_address>
         <size>0xa0</size>
      </object_component>
      <object_component id="oc-10b">
         <name>.data</name>
         <load_address>0x8003090</load_address>
         <run_address>0x8003090</run_address>
         <size>0x14</size>
         <input_file_ref idref="fl-18"/>
      </object_component>
      <object_component id="oc-120">
         <name>.data:$O1$$</name>
         <load_address>0x80030b4</load_address>
         <run_address>0x80030b4</run_address>
         <size>0xc</size>
         <input_file_ref idref="fl-2b"/>
      </object_component>
      <object_component id="oc-123">
         <name>.data:$O1$$</name>
         <load_address>0x80030cc</load_address>
         <run_address>0x80030cc</run_address>
         <size>0x8</size>
         <input_file_ref idref="fl-32"/>
      </object_component>
      <object_component id="oc-1cd">
         <name>.data:_ftable</name>
         <load_address>0x8002ed0</load_address>
         <run_address>0x8002ed0</run_address>
         <size>0xf0</size>
         <input_file_ref idref="fl-36"/>
      </object_component>
      <object_component id="oc-2f0">
         <name>.data</name>
         <load_address>0x80030a4</load_address>
         <run_address>0x80030a4</run_address>
         <size>0x10</size>
         <input_file_ref idref="fl-36"/>
      </object_component>
      <object_component id="oc-301">
         <name>.data:$O1$$</name>
         <load_address>0x8002fc0</load_address>
         <run_address>0x8002fc0</run_address>
         <size>0xd0</size>
         <input_file_ref idref="fl-3a"/>
      </object_component>
      <object_component id="oc-324">
         <name>.data</name>
         <load_address>0x80030d4</load_address>
         <run_address>0x80030d4</run_address>
         <size>0x4</size>
         <input_file_ref idref="fl-48"/>
      </object_component>
      <object_component id="oc-3b5">
         <name>.data</name>
         <load_address>0x80030d8</load_address>
         <run_address>0x80030d8</run_address>
         <size>0x4</size>
         <input_file_ref idref="fl-4e"/>
      </object_component>
      <object_component id="oc-3ab">
         <name>.data:$O1$$</name>
         <load_address>0x80030c0</load_address>
         <run_address>0x80030c0</run_address>
         <size>0xc</size>
         <input_file_ref idref="fl-4f"/>
      </object_component>
      <object_component id="oc-45">
         <name>.sysmem</name>
         <uninitialized>true</uninitialized>
         <run_address>0x80026d0</run_address>
         <size>0x8</size>
         <input_file_ref idref="fl-4f"/>
      </object_component>
      <object_component id="oc-411">
         <name>.sysmem</name>
         <uninitialized>true</uninitialized>
         <run_address>0x80026d0</run_address>
         <size>0x0</size>
      </object_component>
      <object_component id="oc-156">
         <name>.debug_info</name>
         <load_address>0x0</load_address>
         <run_address>0x0</run_address>
         <size>0x161</size>
         <input_file_ref idref="fl-2"/>
      </object_component>
      <object_component id="oc-169">
         <name>.debug_info</name>
         <load_address>0x161</load_address>
         <run_address>0x161</run_address>
         <size>0x791</size>
         <input_file_ref idref="fl-2"/>
      </object_component>
      <object_component id="oc-9c">
         <name>.debug_info</name>
         <load_address>0x8f2</load_address>
         <run_address>0x8f2</run_address>
         <size>0x157</size>
         <input_file_ref idref="fl-2"/>
      </object_component>
      <object_component id="oc-11a">
         <name>.debug_info</name>
         <load_address>0xa49</load_address>
         <run_address>0xa49</run_address>
         <size>0x8b</size>
         <input_file_ref idref="fl-2"/>
      </object_component>
      <object_component id="oc-ac">
         <name>.debug_info</name>
         <load_address>0xad4</load_address>
         <run_address>0xad4</run_address>
         <size>0x18c</size>
         <input_file_ref idref="fl-2"/>
      </object_component>
      <object_component id="oc-115">
         <name>.debug_info</name>
         <load_address>0xc60</load_address>
         <run_address>0xc60</run_address>
         <size>0x18b</size>
         <input_file_ref idref="fl-2"/>
      </object_component>
      <object_component id="oc-b1">
         <name>.debug_info</name>
         <load_address>0xdeb</load_address>
         <run_address>0xdeb</run_address>
         <size>0x86</size>
         <input_file_ref idref="fl-2"/>
      </object_component>
      <object_component id="oc-231">
         <name>.debug_info</name>
         <load_address>0xe71</load_address>
         <run_address>0xe71</run_address>
         <size>0x38f</size>
         <input_file_ref idref="fl-2"/>
      </object_component>
      <object_component id="oc-14b">
         <name>.debug_info</name>
         <load_address>0x1200</load_address>
         <run_address>0x1200</run_address>
         <size>0x2d0</size>
         <input_file_ref idref="fl-2"/>
      </object_component>
      <object_component id="oc-23d">
         <name>.debug_info</name>
         <load_address>0x14d0</load_address>
         <run_address>0x14d0</run_address>
         <size>0x15d</size>
         <input_file_ref idref="fl-3"/>
      </object_component>
      <object_component id="oc-178">
         <name>.debug_info</name>
         <load_address>0x162d</load_address>
         <run_address>0x162d</run_address>
         <size>0x437</size>
         <input_file_ref idref="fl-3"/>
      </object_component>
      <object_component id="oc-2c8">
         <name>.debug_info</name>
         <load_address>0x1a64</load_address>
         <run_address>0x1a64</run_address>
         <size>0x15f</size>
         <input_file_ref idref="fl-3"/>
      </object_component>
      <object_component id="oc-2c0">
         <name>.debug_info</name>
         <load_address>0x1bc3</load_address>
         <run_address>0x1bc3</run_address>
         <size>0x10b</size>
         <input_file_ref idref="fl-4"/>
      </object_component>
      <object_component id="oc-207">
         <name>.debug_info</name>
         <load_address>0x1cce</load_address>
         <run_address>0x1cce</run_address>
         <size>0x3b8</size>
         <input_file_ref idref="fl-4"/>
      </object_component>
      <object_component id="oc-33d">
         <name>.debug_info</name>
         <load_address>0x2086</load_address>
         <run_address>0x2086</run_address>
         <size>0x22c</size>
         <input_file_ref idref="fl-4"/>
      </object_component>
      <object_component id="oc-a5">
         <name>.debug_info</name>
         <load_address>0x22b2</load_address>
         <run_address>0x22b2</run_address>
         <size>0x102</size>
         <input_file_ref idref="fl-5"/>
      </object_component>
      <object_component id="oc-2c1">
         <name>.debug_info</name>
         <load_address>0x23b4</load_address>
         <run_address>0x23b4</run_address>
         <size>0xe0</size>
         <input_file_ref idref="fl-6"/>
      </object_component>
      <object_component id="oc-344">
         <name>.debug_info</name>
         <load_address>0x2494</load_address>
         <run_address>0x2494</run_address>
         <size>0x155</size>
         <input_file_ref idref="fl-6"/>
      </object_component>
      <object_component id="oc-20c">
         <name>.debug_info</name>
         <load_address>0x25e9</load_address>
         <run_address>0x25e9</run_address>
         <size>0x116</size>
         <input_file_ref idref="fl-6"/>
      </object_component>
      <object_component id="oc-2c2">
         <name>.debug_info</name>
         <load_address>0x26ff</load_address>
         <run_address>0x26ff</run_address>
         <size>0xfd</size>
         <input_file_ref idref="fl-7"/>
      </object_component>
      <object_component id="oc-34b">
         <name>.debug_info</name>
         <load_address>0x27fc</load_address>
         <run_address>0x27fc</run_address>
         <size>0x359</size>
         <input_file_ref idref="fl-7"/>
      </object_component>
      <object_component id="oc-211">
         <name>.debug_info</name>
         <load_address>0x2b55</load_address>
         <run_address>0x2b55</run_address>
         <size>0x152</size>
         <input_file_ref idref="fl-7"/>
      </object_component>
      <object_component id="oc-2c3">
         <name>.debug_info</name>
         <load_address>0x2ca7</load_address>
         <run_address>0x2ca7</run_address>
         <size>0xe1</size>
         <input_file_ref idref="fl-8"/>
      </object_component>
      <object_component id="oc-352">
         <name>.debug_info</name>
         <load_address>0x2d88</load_address>
         <run_address>0x2d88</run_address>
         <size>0x669</size>
         <input_file_ref idref="fl-8"/>
      </object_component>
      <object_component id="oc-216">
         <name>.debug_info</name>
         <load_address>0x33f1</load_address>
         <run_address>0x33f1</run_address>
         <size>0x22e</size>
         <input_file_ref idref="fl-8"/>
      </object_component>
      <object_component id="oc-e7">
         <name>.debug_info</name>
         <load_address>0x361f</load_address>
         <run_address>0x361f</run_address>
         <size>0x162</size>
         <input_file_ref idref="fl-9"/>
      </object_component>
      <object_component id="oc-7d">
         <name>.debug_info</name>
         <load_address>0x3781</load_address>
         <run_address>0x3781</run_address>
         <size>0xc33</size>
         <input_file_ref idref="fl-9"/>
      </object_component>
      <object_component id="oc-26">
         <name>.debug_info</name>
         <load_address>0x43b4</load_address>
         <run_address>0x43b4</run_address>
         <size>0x193</size>
         <input_file_ref idref="fl-9"/>
      </object_component>
      <object_component id="oc-132">
         <name>.debug_info</name>
         <load_address>0x4547</load_address>
         <run_address>0x4547</run_address>
         <size>0x1de</size>
         <input_file_ref idref="fl-9"/>
      </object_component>
      <object_component id="oc-e2">
         <name>.debug_info</name>
         <load_address>0x4725</load_address>
         <run_address>0x4725</run_address>
         <size>0x129</size>
         <input_file_ref idref="fl-9"/>
      </object_component>
      <object_component id="oc-23f">
         <name>.debug_info</name>
         <load_address>0x484e</load_address>
         <run_address>0x484e</run_address>
         <size>0xff</size>
         <input_file_ref idref="fl-a"/>
      </object_component>
      <object_component id="oc-2d6">
         <name>.debug_info</name>
         <load_address>0x494d</load_address>
         <run_address>0x494d</run_address>
         <size>0xc6d</size>
         <input_file_ref idref="fl-a"/>
      </object_component>
      <object_component id="oc-21b">
         <name>.debug_info</name>
         <load_address>0x55ba</load_address>
         <run_address>0x55ba</run_address>
         <size>0x396</size>
         <input_file_ref idref="fl-a"/>
      </object_component>
      <object_component id="oc-187">
         <name>.debug_info</name>
         <load_address>0x5950</load_address>
         <run_address>0x5950</run_address>
         <size>0x508</size>
         <input_file_ref idref="fl-a"/>
      </object_component>
      <object_component id="oc-238">
         <name>.debug_info</name>
         <load_address>0x5e58</load_address>
         <run_address>0x5e58</run_address>
         <size>0x43c</size>
         <input_file_ref idref="fl-a"/>
      </object_component>
      <object_component id="oc-1ba">
         <name>.debug_info</name>
         <load_address>0x6294</load_address>
         <run_address>0x6294</run_address>
         <size>0xe5</size>
         <input_file_ref idref="fl-b"/>
      </object_component>
      <object_component id="oc-f7">
         <name>.debug_info</name>
         <load_address>0x6379</load_address>
         <run_address>0x6379</run_address>
         <size>0x77b</size>
         <input_file_ref idref="fl-b"/>
      </object_component>
      <object_component id="oc-13c">
         <name>.debug_info</name>
         <load_address>0x6af4</load_address>
         <run_address>0x6af4</run_address>
         <size>0x1f9</size>
         <input_file_ref idref="fl-b"/>
      </object_component>
      <object_component id="oc-24f">
         <name>.debug_info</name>
         <load_address>0x6ced</load_address>
         <run_address>0x6ced</run_address>
         <size>0x12a</size>
         <input_file_ref idref="fl-b"/>
      </object_component>
      <object_component id="oc-23e">
         <name>.debug_info</name>
         <load_address>0x6e17</load_address>
         <run_address>0x6e17</run_address>
         <size>0x178</size>
         <input_file_ref idref="fl-c"/>
      </object_component>
      <object_component id="oc-ca">
         <name>.debug_info</name>
         <load_address>0x6f8f</load_address>
         <run_address>0x6f8f</run_address>
         <size>0x2c</size>
         <input_file_ref idref="fl-c"/>
      </object_component>
      <object_component id="oc-182">
         <name>.debug_info</name>
         <load_address>0x6fbb</load_address>
         <run_address>0x6fbb</run_address>
         <size>0x3d3</size>
         <input_file_ref idref="fl-c"/>
      </object_component>
      <object_component id="oc-2cf">
         <name>.debug_info</name>
         <load_address>0x738e</load_address>
         <run_address>0x738e</run_address>
         <size>0x2e3</size>
         <input_file_ref idref="fl-c"/>
      </object_component>
      <object_component id="oc-2c4">
         <name>.debug_info</name>
         <load_address>0x7671</load_address>
         <run_address>0x7671</run_address>
         <size>0xf0</size>
         <input_file_ref idref="fl-d"/>
      </object_component>
      <object_component id="oc-220">
         <name>.debug_info</name>
         <load_address>0x7761</load_address>
         <run_address>0x7761</run_address>
         <size>0x2e2</size>
         <input_file_ref idref="fl-d"/>
      </object_component>
      <object_component id="oc-359">
         <name>.debug_info</name>
         <load_address>0x7a43</load_address>
         <run_address>0x7a43</run_address>
         <size>0x34f</size>
         <input_file_ref idref="fl-d"/>
      </object_component>
      <object_component id="oc-2c5">
         <name>.debug_info</name>
         <load_address>0x7d92</load_address>
         <run_address>0x7d92</run_address>
         <size>0x111</size>
         <input_file_ref idref="fl-e"/>
      </object_component>
      <object_component id="oc-225">
         <name>.debug_info</name>
         <load_address>0x7ea3</load_address>
         <run_address>0x7ea3</run_address>
         <size>0x2bc</size>
         <input_file_ref idref="fl-e"/>
      </object_component>
      <object_component id="oc-360">
         <name>.debug_info</name>
         <load_address>0x815f</load_address>
         <run_address>0x815f</run_address>
         <size>0x186</size>
         <input_file_ref idref="fl-e"/>
      </object_component>
      <object_component id="oc-1d8">
         <name>.debug_info</name>
         <load_address>0x82e5</load_address>
         <run_address>0x82e5</run_address>
         <size>0x146</size>
         <input_file_ref idref="fl-f"/>
      </object_component>
      <object_component id="oc-103">
         <name>.debug_info</name>
         <load_address>0x842b</load_address>
         <run_address>0x842b</run_address>
         <size>0xd58</size>
         <input_file_ref idref="fl-f"/>
      </object_component>
      <object_component id="oc-16e">
         <name>.debug_info</name>
         <load_address>0x9183</load_address>
         <run_address>0x9183</run_address>
         <size>0x4de</size>
         <input_file_ref idref="fl-f"/>
      </object_component>
      <object_component id="oc-1d9">
         <name>.debug_info</name>
         <load_address>0x9661</load_address>
         <run_address>0x9661</run_address>
         <size>0x44e</size>
         <input_file_ref idref="fl-f"/>
      </object_component>
      <object_component id="oc-12a">
         <name>.debug_info</name>
         <load_address>0x9aaf</load_address>
         <run_address>0x9aaf</run_address>
         <size>0x3b5</size>
         <input_file_ref idref="fl-10"/>
      </object_component>
      <object_component id="oc-96">
         <name>.debug_info</name>
         <load_address>0x9e64</load_address>
         <run_address>0x9e64</run_address>
         <size>0x17de</size>
         <input_file_ref idref="fl-10"/>
      </object_component>
      <object_component id="oc-173">
         <name>.debug_info</name>
         <load_address>0xb642</load_address>
         <run_address>0xb642</run_address>
         <size>0x3ce</size>
         <input_file_ref idref="fl-10"/>
      </object_component>
      <object_component id="oc-1fd">
         <name>.debug_info</name>
         <load_address>0xba10</load_address>
         <run_address>0xba10</run_address>
         <size>0x306</size>
         <input_file_ref idref="fl-10"/>
      </object_component>
      <object_component id="oc-202">
         <name>.debug_info</name>
         <load_address>0xbd16</load_address>
         <run_address>0xbd16</run_address>
         <size>0x7cd</size>
         <input_file_ref idref="fl-10"/>
      </object_component>
      <object_component id="oc-12b">
         <name>.debug_info</name>
         <load_address>0xc4e3</load_address>
         <run_address>0xc4e3</run_address>
         <size>0x673</size>
         <input_file_ref idref="fl-10"/>
      </object_component>
      <object_component id="oc-1a3">
         <name>.debug_info</name>
         <load_address>0xcb56</load_address>
         <run_address>0xcb56</run_address>
         <size>0x37b</size>
         <input_file_ref idref="fl-10"/>
      </object_component>
      <object_component id="oc-17d">
         <name>.debug_info</name>
         <load_address>0xced1</load_address>
         <run_address>0xced1</run_address>
         <size>0x1ca</size>
         <input_file_ref idref="fl-10"/>
      </object_component>
      <object_component id="oc-137">
         <name>.debug_info</name>
         <load_address>0xd09b</load_address>
         <run_address>0xd09b</run_address>
         <size>0x435</size>
         <input_file_ref idref="fl-10"/>
      </object_component>
      <object_component id="oc-196">
         <name>.debug_info</name>
         <load_address>0xd4d0</load_address>
         <run_address>0xd4d0</run_address>
         <size>0x551</size>
         <input_file_ref idref="fl-10"/>
      </object_component>
      <object_component id="oc-18c">
         <name>.debug_info</name>
         <load_address>0xda21</load_address>
         <run_address>0xda21</run_address>
         <size>0x1de</size>
         <input_file_ref idref="fl-10"/>
      </object_component>
      <object_component id="oc-22a">
         <name>.debug_info</name>
         <load_address>0xdbff</load_address>
         <run_address>0xdbff</run_address>
         <size>0x243</size>
         <input_file_ref idref="fl-10"/>
      </object_component>
      <object_component id="oc-1e8">
         <name>.debug_info</name>
         <load_address>0xde42</load_address>
         <run_address>0xde42</run_address>
         <size>0x26c</size>
         <input_file_ref idref="fl-10"/>
      </object_component>
      <object_component id="oc-19b">
         <name>.debug_info</name>
         <load_address>0xe0ae</load_address>
         <run_address>0xe0ae</run_address>
         <size>0x17a</size>
         <input_file_ref idref="fl-10"/>
      </object_component>
      <object_component id="oc-141">
         <name>.debug_info</name>
         <load_address>0xe228</load_address>
         <run_address>0xe228</run_address>
         <size>0x6a6</size>
         <input_file_ref idref="fl-10"/>
      </object_component>
      <object_component id="oc-146">
         <name>.debug_info</name>
         <load_address>0xe8ce</load_address>
         <run_address>0xe8ce</run_address>
         <size>0x13e</size>
         <input_file_ref idref="fl-10"/>
      </object_component>
      <object_component id="oc-166">
         <name>.debug_info</name>
         <load_address>0xea0c</load_address>
         <run_address>0xea0c</run_address>
         <size>0xcc</size>
         <input_file_ref idref="fl-11"/>
      </object_component>
      <object_component id="oc-d3">
         <name>.debug_info</name>
         <load_address>0xead8</load_address>
         <run_address>0xead8</run_address>
         <size>0x201</size>
         <input_file_ref idref="fl-11"/>
      </object_component>
      <object_component id="oc-6c">
         <name>.debug_info</name>
         <load_address>0xecd9</load_address>
         <run_address>0xecd9</run_address>
         <size>0x8e7</size>
         <input_file_ref idref="fl-15"/>
      </object_component>
      <object_component id="oc-2f">
         <name>.debug_info</name>
         <load_address>0xf5c0</load_address>
         <run_address>0xf5c0</run_address>
         <size>0x10a</size>
         <input_file_ref idref="fl-17"/>
      </object_component>
      <object_component id="oc-11f">
         <name>.debug_info</name>
         <load_address>0xf6ca</load_address>
         <run_address>0xf6ca</run_address>
         <size>0x2b6</size>
         <input_file_ref idref="fl-18"/>
      </object_component>
      <object_component id="oc-109">
         <name>.debug_info</name>
         <load_address>0xf980</load_address>
         <run_address>0xf980</run_address>
         <size>0x331</size>
         <input_file_ref idref="fl-18"/>
      </object_component>
      <object_component id="oc-10f">
         <name>.debug_info</name>
         <load_address>0xfcb1</load_address>
         <run_address>0xfcb1</run_address>
         <size>0xdb</size>
         <input_file_ref idref="fl-18"/>
      </object_component>
      <object_component id="oc-112">
         <name>.debug_info</name>
         <load_address>0xfd8c</load_address>
         <run_address>0xfd8c</run_address>
         <size>0xe5</size>
         <input_file_ref idref="fl-18"/>
      </object_component>
      <object_component id="oc-10c">
         <name>.debug_info</name>
         <load_address>0xfe71</load_address>
         <run_address>0xfe71</run_address>
         <size>0x15a</size>
         <input_file_ref idref="fl-18"/>
      </object_component>
      <object_component id="oc-89">
         <name>.debug_info</name>
         <load_address>0xffcb</load_address>
         <run_address>0xffcb</run_address>
         <size>0xd82</size>
         <input_file_ref idref="fl-18"/>
      </object_component>
      <object_component id="oc-240">
         <name>.debug_info</name>
         <load_address>0x10d4d</load_address>
         <run_address>0x10d4d</run_address>
         <size>0xeb</size>
         <input_file_ref idref="fl-1a"/>
      </object_component>
      <object_component id="oc-2dd">
         <name>.debug_info</name>
         <load_address>0x10e38</load_address>
         <run_address>0x10e38</run_address>
         <size>0x242</size>
         <input_file_ref idref="fl-1a"/>
      </object_component>
      <object_component id="oc-191">
         <name>.debug_info</name>
         <load_address>0x1107a</load_address>
         <run_address>0x1107a</run_address>
         <size>0x2af</size>
         <input_file_ref idref="fl-1a"/>
      </object_component>
      <object_component id="oc-34">
         <name>.debug_info</name>
         <load_address>0x11329</load_address>
         <run_address>0x11329</run_address>
         <size>0x144</size>
         <input_file_ref idref="fl-1b"/>
      </object_component>
      <object_component id="oc-db">
         <name>.debug_info</name>
         <load_address>0x1146d</load_address>
         <run_address>0x1146d</run_address>
         <size>0x3c1</size>
         <input_file_ref idref="fl-1d"/>
      </object_component>
      <object_component id="oc-e0">
         <name>.debug_info</name>
         <load_address>0x1182e</load_address>
         <run_address>0x1182e</run_address>
         <size>0x4bb</size>
         <input_file_ref idref="fl-1e"/>
      </object_component>
      <object_component id="oc-77">
         <name>.debug_info</name>
         <load_address>0x11ce9</load_address>
         <run_address>0x11ce9</run_address>
         <size>0x31d6</size>
         <input_file_ref idref="fl-1e"/>
      </object_component>
      <object_component id="oc-20">
         <name>.debug_info</name>
         <load_address>0x14ebf</load_address>
         <run_address>0x14ebf</run_address>
         <size>0x5af</size>
         <input_file_ref idref="fl-1f"/>
      </object_component>
      <object_component id="oc-a3">
         <name>.debug_info</name>
         <load_address>0x1546e</load_address>
         <run_address>0x1546e</run_address>
         <size>0x297</size>
         <input_file_ref idref="fl-20"/>
      </object_component>
      <object_component id="oc-2c">
         <name>.debug_info</name>
         <load_address>0x15705</load_address>
         <run_address>0x15705</run_address>
         <size>0xdc</size>
         <input_file_ref idref="fl-20"/>
      </object_component>
      <object_component id="oc-3b">
         <name>.debug_info</name>
         <load_address>0x157e1</load_address>
         <run_address>0x157e1</run_address>
         <size>0x4be</size>
         <input_file_ref idref="fl-20"/>
      </object_component>
      <object_component id="oc-40">
         <name>.debug_info</name>
         <load_address>0x15c9f</load_address>
         <run_address>0x15c9f</run_address>
         <size>0x207</size>
         <input_file_ref idref="fl-20"/>
      </object_component>
      <object_component id="oc-150">
         <name>.debug_info</name>
         <load_address>0x15ea6</load_address>
         <run_address>0x15ea6</run_address>
         <size>0x4f</size>
         <input_file_ref idref="fl-20"/>
      </object_component>
      <object_component id="oc-d9">
         <name>.debug_info</name>
         <load_address>0x15ef5</load_address>
         <run_address>0x15ef5</run_address>
         <size>0x368</size>
         <input_file_ref idref="fl-21"/>
      </object_component>
      <object_component id="oc-71">
         <name>.debug_info</name>
         <load_address>0x1625d</load_address>
         <run_address>0x1625d</run_address>
         <size>0x7cd</size>
         <input_file_ref idref="fl-21"/>
      </object_component>
      <object_component id="oc-f5">
         <name>.debug_info</name>
         <load_address>0x16a2a</load_address>
         <run_address>0x16a2a</run_address>
         <size>0x2e9</size>
         <input_file_ref idref="fl-26"/>
      </object_component>
      <object_component id="oc-83">
         <name>.debug_info</name>
         <load_address>0x16d13</load_address>
         <run_address>0x16d13</run_address>
         <size>0x190</size>
         <input_file_ref idref="fl-26"/>
      </object_component>
      <object_component id="oc-4e">
         <name>.debug_info</name>
         <load_address>0x16ea3</load_address>
         <run_address>0x16ea3</run_address>
         <size>0x84</size>
         <input_file_ref idref="fl-26"/>
      </object_component>
      <object_component id="oc-1af">
         <name>.debug_info</name>
         <load_address>0x16f27</load_address>
         <run_address>0x16f27</run_address>
         <size>0x39</size>
         <input_file_ref idref="fl-26"/>
      </object_component>
      <object_component id="oc-248">
         <name>.debug_info</name>
         <load_address>0x16f60</load_address>
         <run_address>0x16f60</run_address>
         <size>0x39</size>
         <input_file_ref idref="fl-26"/>
      </object_component>
      <object_component id="oc-1b4">
         <name>.debug_info</name>
         <load_address>0x16f99</load_address>
         <run_address>0x16f99</run_address>
         <size>0xcd</size>
         <input_file_ref idref="fl-26"/>
      </object_component>
      <object_component id="oc-c0">
         <name>.debug_info</name>
         <load_address>0x17066</load_address>
         <run_address>0x17066</run_address>
         <size>0xf9</size>
         <input_file_ref idref="fl-27"/>
      </object_component>
      <object_component id="oc-e">
         <name>.debug_info</name>
         <load_address>0x1715f</load_address>
         <run_address>0x1715f</run_address>
         <size>0x245</size>
         <input_file_ref idref="fl-27"/>
      </object_component>
      <object_component id="oc-49">
         <name>.debug_info</name>
         <load_address>0x173a4</load_address>
         <run_address>0x173a4</run_address>
         <size>0x60</size>
         <input_file_ref idref="fl-27"/>
      </object_component>
      <object_component id="oc-bb">
         <name>.debug_info</name>
         <load_address>0x17404</load_address>
         <run_address>0x17404</run_address>
         <size>0x46</size>
         <input_file_ref idref="fl-27"/>
      </object_component>
      <object_component id="oc-5e">
         <name>.debug_info</name>
         <load_address>0x1744a</load_address>
         <run_address>0x1744a</run_address>
         <size>0x13b</size>
         <input_file_ref idref="fl-28"/>
      </object_component>
      <object_component id="oc-14">
         <name>.debug_info</name>
         <load_address>0x17585</load_address>
         <run_address>0x17585</run_address>
         <size>0x1ca</size>
         <input_file_ref idref="fl-28"/>
      </object_component>
      <object_component id="oc-59">
         <name>.debug_info</name>
         <load_address>0x1774f</load_address>
         <run_address>0x1774f</run_address>
         <size>0x46</size>
         <input_file_ref idref="fl-28"/>
      </object_component>
      <object_component id="oc-c2">
         <name>.debug_info</name>
         <load_address>0x17795</load_address>
         <run_address>0x17795</run_address>
         <size>0x2c</size>
         <input_file_ref idref="fl-28"/>
      </object_component>
      <object_component id="oc-6a">
         <name>.debug_info</name>
         <load_address>0x177c1</load_address>
         <run_address>0x177c1</run_address>
         <size>0x12f</size>
         <input_file_ref idref="fl-29"/>
      </object_component>
      <object_component id="oc-1a">
         <name>.debug_info</name>
         <load_address>0x178f0</load_address>
         <run_address>0x178f0</run_address>
         <size>0x1aa</size>
         <input_file_ref idref="fl-29"/>
      </object_component>
      <object_component id="oc-65">
         <name>.debug_info</name>
         <load_address>0x17a9a</load_address>
         <run_address>0x17a9a</run_address>
         <size>0x46</size>
         <input_file_ref idref="fl-29"/>
      </object_component>
      <object_component id="oc-1ab">
         <name>.debug_info</name>
         <load_address>0x17ae0</load_address>
         <run_address>0x17ae0</run_address>
         <size>0x1e0</size>
         <input_file_ref idref="fl-2a"/>
      </object_component>
      <object_component id="oc-e9">
         <name>.debug_info</name>
         <load_address>0x17cc0</load_address>
         <run_address>0x17cc0</run_address>
         <size>0x183</size>
         <input_file_ref idref="fl-2a"/>
      </object_component>
      <object_component id="oc-243">
         <name>.debug_info</name>
         <load_address>0x17e43</load_address>
         <run_address>0x17e43</run_address>
         <size>0x2c</size>
         <input_file_ref idref="fl-2a"/>
      </object_component>
      <object_component id="oc-127">
         <name>.debug_info</name>
         <load_address>0x17e6f</load_address>
         <run_address>0x17e6f</run_address>
         <size>0x234</size>
         <input_file_ref idref="fl-2b"/>
      </object_component>
      <object_component id="oc-121">
         <name>.debug_info</name>
         <load_address>0x180a3</load_address>
         <run_address>0x180a3</run_address>
         <size>0x185</size>
         <input_file_ref idref="fl-2b"/>
      </object_component>
      <object_component id="oc-8f">
         <name>.debug_info</name>
         <load_address>0x18228</load_address>
         <run_address>0x18228</run_address>
         <size>0x214</size>
         <input_file_ref idref="fl-2b"/>
      </object_component>
      <object_component id="oc-54">
         <name>.debug_info</name>
         <load_address>0x1843c</load_address>
         <run_address>0x1843c</run_address>
         <size>0x111</size>
         <input_file_ref idref="fl-2c"/>
      </object_component>
      <object_component id="oc-60">
         <name>.debug_info</name>
         <load_address>0x1854d</load_address>
         <run_address>0x1854d</run_address>
         <size>0x13f</size>
         <input_file_ref idref="fl-2d"/>
      </object_component>
      <object_component id="oc-1d1">
         <name>.debug_info</name>
         <load_address>0x1868c</load_address>
         <run_address>0x1868c</run_address>
         <size>0x22c</size>
         <input_file_ref idref="fl-2e"/>
      </object_component>
      <object_component id="oc-100">
         <name>.debug_info</name>
         <load_address>0x188b8</load_address>
         <run_address>0x188b8</run_address>
         <size>0x284</size>
         <input_file_ref idref="fl-2e"/>
      </object_component>
      <object_component id="oc-2b6">
         <name>.debug_info</name>
         <load_address>0x18b3c</load_address>
         <run_address>0x18b3c</run_address>
         <size>0xae</size>
         <input_file_ref idref="fl-2e"/>
      </object_component>
      <object_component id="oc-1d2">
         <name>.debug_info</name>
         <load_address>0x18bea</load_address>
         <run_address>0x18bea</run_address>
         <size>0x4e</size>
         <input_file_ref idref="fl-2e"/>
      </object_component>
      <object_component id="oc-ef">
         <name>.debug_info</name>
         <load_address>0x18c38</load_address>
         <run_address>0x18c38</run_address>
         <size>0x145</size>
         <input_file_ref idref="fl-30"/>
      </object_component>
      <object_component id="oc-1f7">
         <name>.debug_info</name>
         <load_address>0x18d7d</load_address>
         <run_address>0x18d7d</run_address>
         <size>0x124</size>
         <input_file_ref idref="fl-32"/>
      </object_component>
      <object_component id="oc-124">
         <name>.debug_info</name>
         <load_address>0x18ea1</load_address>
         <run_address>0x18ea1</run_address>
         <size>0x113</size>
         <input_file_ref idref="fl-32"/>
      </object_component>
      <object_component id="oc-1f3">
         <name>.debug_info</name>
         <load_address>0x18fb4</load_address>
         <run_address>0x18fb4</run_address>
         <size>0x21f</size>
         <input_file_ref idref="fl-32"/>
      </object_component>
      <object_component id="oc-2a0">
         <name>.debug_info</name>
         <load_address>0x191d3</load_address>
         <run_address>0x191d3</run_address>
         <size>0x38a</size>
         <input_file_ref idref="fl-33"/>
      </object_component>
      <object_component id="oc-1ca">
         <name>.debug_info</name>
         <load_address>0x1955d</load_address>
         <run_address>0x1955d</run_address>
         <size>0x1156</size>
         <input_file_ref idref="fl-33"/>
      </object_component>
      <object_component id="oc-2a1">
         <name>.debug_info</name>
         <load_address>0x1a6b3</load_address>
         <run_address>0x1a6b3</run_address>
         <size>0x86</size>
         <input_file_ref idref="fl-33"/>
      </object_component>
      <object_component id="oc-2ab">
         <name>.debug_info</name>
         <load_address>0x1a739</load_address>
         <run_address>0x1a739</run_address>
         <size>0x2c</size>
         <input_file_ref idref="fl-33"/>
      </object_component>
      <object_component id="oc-334">
         <name>.debug_info</name>
         <load_address>0x1a765</load_address>
         <run_address>0x1a765</run_address>
         <size>0x46</size>
         <input_file_ref idref="fl-33"/>
      </object_component>
      <object_component id="oc-2a6">
         <name>.debug_info</name>
         <load_address>0x1a7ab</load_address>
         <run_address>0x1a7ab</run_address>
         <size>0x39</size>
         <input_file_ref idref="fl-33"/>
      </object_component>
      <object_component id="oc-32f">
         <name>.debug_info</name>
         <load_address>0x1a7e4</load_address>
         <run_address>0x1a7e4</run_address>
         <size>0x114</size>
         <input_file_ref idref="fl-34"/>
      </object_component>
      <object_component id="oc-294">
         <name>.debug_info</name>
         <load_address>0x1a8f8</load_address>
         <run_address>0x1a8f8</run_address>
         <size>0x171</size>
         <input_file_ref idref="fl-34"/>
      </object_component>
      <object_component id="oc-3a4">
         <name>.debug_info</name>
         <load_address>0x1aa69</load_address>
         <run_address>0x1aa69</run_address>
         <size>0xee</size>
         <input_file_ref idref="fl-35"/>
      </object_component>
      <object_component id="oc-32c">
         <name>.debug_info</name>
         <load_address>0x1ab57</load_address>
         <run_address>0x1ab57</run_address>
         <size>0xfa</size>
         <input_file_ref idref="fl-35"/>
      </object_component>
      <object_component id="oc-2b2">
         <name>.debug_info</name>
         <load_address>0x1ac51</load_address>
         <run_address>0x1ac51</run_address>
         <size>0x139</size>
         <input_file_ref idref="fl-36"/>
      </object_component>
      <object_component id="oc-1ce">
         <name>.debug_info</name>
         <load_address>0x1ad8a</load_address>
         <run_address>0x1ad8a</run_address>
         <size>0xf7</size>
         <input_file_ref idref="fl-36"/>
      </object_component>
      <object_component id="oc-2f1">
         <name>.debug_info</name>
         <load_address>0x1ae81</load_address>
         <run_address>0x1ae81</run_address>
         <size>0x184</size>
         <input_file_ref idref="fl-36"/>
      </object_component>
      <object_component id="oc-267">
         <name>.debug_info</name>
         <load_address>0x1b005</load_address>
         <run_address>0x1b005</run_address>
         <size>0x1de</size>
         <input_file_ref idref="fl-37"/>
      </object_component>
      <object_component id="oc-1bc">
         <name>.debug_info</name>
         <load_address>0x1b1e3</load_address>
         <run_address>0x1b1e3</run_address>
         <size>0x23f</size>
         <input_file_ref idref="fl-37"/>
      </object_component>
      <object_component id="oc-275">
         <name>.debug_info</name>
         <load_address>0x1b422</load_address>
         <run_address>0x1b422</run_address>
         <size>0x2a2</size>
         <input_file_ref idref="fl-38"/>
      </object_component>
      <object_component id="oc-1c2">
         <name>.debug_info</name>
         <load_address>0x1b6c4</load_address>
         <run_address>0x1b6c4</run_address>
         <size>0x359</size>
         <input_file_ref idref="fl-38"/>
      </object_component>
      <object_component id="oc-305">
         <name>.debug_info</name>
         <load_address>0x1ba1d</load_address>
         <run_address>0x1ba1d</run_address>
         <size>0x4a0</size>
         <input_file_ref idref="fl-3a"/>
      </object_component>
      <object_component id="oc-302">
         <name>.debug_info</name>
         <load_address>0x1bebd</load_address>
         <run_address>0x1bebd</run_address>
         <size>0x116</size>
         <input_file_ref idref="fl-3a"/>
      </object_component>
      <object_component id="oc-261">
         <name>.debug_info</name>
         <load_address>0x1bfd3</load_address>
         <run_address>0x1bfd3</run_address>
         <size>0xb0b</size>
         <input_file_ref idref="fl-3a"/>
      </object_component>
      <object_component id="oc-38e">
         <name>.debug_info</name>
         <load_address>0x1cade</load_address>
         <run_address>0x1cade</run_address>
         <size>0x120</size>
         <input_file_ref idref="fl-3a"/>
      </object_component>
      <object_component id="oc-307">
         <name>.debug_info</name>
         <load_address>0x1cbfe</load_address>
         <run_address>0x1cbfe</run_address>
         <size>0x2c</size>
         <input_file_ref idref="fl-3a"/>
      </object_component>
      <object_component id="oc-316">
         <name>.debug_info</name>
         <load_address>0x1cc2a</load_address>
         <run_address>0x1cc2a</run_address>
         <size>0x14c</size>
         <input_file_ref idref="fl-3b"/>
      </object_component>
      <object_component id="oc-27c">
         <name>.debug_info</name>
         <load_address>0x1cd76</load_address>
         <run_address>0x1cd76</run_address>
         <size>0x1c2</size>
         <input_file_ref idref="fl-3b"/>
      </object_component>
      <object_component id="oc-331">
         <name>.debug_info</name>
         <load_address>0x1cf38</load_address>
         <run_address>0x1cf38</run_address>
         <size>0xf1</size>
         <input_file_ref idref="fl-3c"/>
      </object_component>
      <object_component id="oc-29a">
         <name>.debug_info</name>
         <load_address>0x1d029</load_address>
         <run_address>0x1d029</run_address>
         <size>0x1ab</size>
         <input_file_ref idref="fl-3c"/>
      </object_component>
      <object_component id="oc-311">
         <name>.debug_info</name>
         <load_address>0x1d1d4</load_address>
         <run_address>0x1d1d4</run_address>
         <size>0x100</size>
         <input_file_ref idref="fl-3d"/>
      </object_component>
      <object_component id="oc-26f">
         <name>.debug_info</name>
         <load_address>0x1d2d4</load_address>
         <run_address>0x1d2d4</run_address>
         <size>0x242</size>
         <input_file_ref idref="fl-3d"/>
      </object_component>
      <object_component id="oc-318">
         <name>.debug_info</name>
         <load_address>0x1d516</load_address>
         <run_address>0x1d516</run_address>
         <size>0x13f</size>
         <input_file_ref idref="fl-3e"/>
      </object_component>
      <object_component id="oc-282">
         <name>.debug_info</name>
         <load_address>0x1d655</load_address>
         <run_address>0x1d655</run_address>
         <size>0x183</size>
         <input_file_ref idref="fl-3e"/>
      </object_component>
      <object_component id="oc-319">
         <name>.debug_info</name>
         <load_address>0x1d7d8</load_address>
         <run_address>0x1d7d8</run_address>
         <size>0x2c</size>
         <input_file_ref idref="fl-3e"/>
      </object_component>
      <object_component id="oc-328">
         <name>.debug_info</name>
         <load_address>0x1d804</load_address>
         <run_address>0x1d804</run_address>
         <size>0x17c</size>
         <input_file_ref idref="fl-3f"/>
      </object_component>
      <object_component id="oc-288">
         <name>.debug_info</name>
         <load_address>0x1d980</load_address>
         <run_address>0x1d980</run_address>
         <size>0x1a4</size>
         <input_file_ref idref="fl-3f"/>
      </object_component>
      <object_component id="oc-32a">
         <name>.debug_info</name>
         <load_address>0x1db24</load_address>
         <run_address>0x1db24</run_address>
         <size>0xf5</size>
         <input_file_ref idref="fl-40"/>
      </object_component>
      <object_component id="oc-28e">
         <name>.debug_info</name>
         <load_address>0x1dc19</load_address>
         <run_address>0x1dc19</run_address>
         <size>0x244</size>
         <input_file_ref idref="fl-40"/>
      </object_component>
      <object_component id="oc-381">
         <name>.debug_info</name>
         <load_address>0x1de5d</load_address>
         <run_address>0x1de5d</run_address>
         <size>0xe5</size>
         <input_file_ref idref="fl-41"/>
      </object_component>
      <object_component id="oc-2f6">
         <name>.debug_info</name>
         <load_address>0x1df42</load_address>
         <run_address>0x1df42</run_address>
         <size>0x258</size>
         <input_file_ref idref="fl-41"/>
      </object_component>
      <object_component id="oc-30f">
         <name>.debug_info</name>
         <load_address>0x1e19a</load_address>
         <run_address>0x1e19a</run_address>
         <size>0xea</size>
         <input_file_ref idref="fl-42"/>
      </object_component>
      <object_component id="oc-269">
         <name>.debug_info</name>
         <load_address>0x1e284</load_address>
         <run_address>0x1e284</run_address>
         <size>0x22a</size>
         <input_file_ref idref="fl-42"/>
      </object_component>
      <object_component id="oc-383">
         <name>.debug_info</name>
         <load_address>0x1e4ae</load_address>
         <run_address>0x1e4ae</run_address>
         <size>0xf6</size>
         <input_file_ref idref="fl-43"/>
      </object_component>
      <object_component id="oc-2fc">
         <name>.debug_info</name>
         <load_address>0x1e5a4</load_address>
         <run_address>0x1e5a4</run_address>
         <size>0x259</size>
         <input_file_ref idref="fl-43"/>
      </object_component>
      <object_component id="oc-3ce">
         <name>.debug_info</name>
         <load_address>0x1e7fd</load_address>
         <run_address>0x1e7fd</run_address>
         <size>0x24f</size>
         <input_file_ref idref="fl-44"/>
      </object_component>
      <object_component id="oc-3cb">
         <name>.debug_info</name>
         <load_address>0x1ea4c</load_address>
         <run_address>0x1ea4c</run_address>
         <size>0xf8</size>
         <input_file_ref idref="fl-44"/>
      </object_component>
      <object_component id="oc-385">
         <name>.debug_info</name>
         <load_address>0x1eb44</load_address>
         <run_address>0x1eb44</run_address>
         <size>0xab9</size>
         <input_file_ref idref="fl-44"/>
      </object_component>
      <object_component id="oc-3cf">
         <name>.debug_info</name>
[...]
      <symbol id="sm-64a">
         <name>checkClockMonitor</name>
         <value>0x1c18</value>
         <object_component_ref idref="oc-76"/>
      </symbol>
      <symbol id="sm-64b">
         <name>fmcECCcheck</name>
         <value>0x898</value>
         <object_component_ref idref="oc-76"/>
      </symbol>
      <symbol id="sm-64c">
         <name>fmcBus2Check</name>
         <value>0x85c</value>
         <object_component_ref idref="oc-76"/>
      </symbol>
      <symbol id="sm-64d">
         <name>checkRAMUERRTest</name>
         <value>0x215c</value>
         <object_component_ref idref="oc-76"/>
      </symbol>
      <symbol id="sm-64e">
         <name>efcStuckZeroTest</name>
         <value>0x6e8</value>
         <object_component_ref idref="oc-76"/>
      </symbol>
      <symbol id="sm-64f">
         <name>checkPLL2Slip</name>
         <value>0x1f8c</value>
         <object_component_ref idref="oc-76"/>
      </symbol>
      <symbol id="sm-677">
         <name>_c_int00</name>
         <value>0x9474</value>
         <object_component_ref idref="oc-1f"/>
      </symbol>
      <symbol id="sm-725">
         <name>vimChannelMap</name>
         <value>0x5e38</value>
         <object_component_ref idref="oc-3a"/>
      </symbol>
      <symbol id="sm-726">
         <name>vimInit</name>
         <value>0x5d64</value>
         <object_component_ref idref="oc-3a"/>
      </symbol>
      <symbol id="sm-727">
         <name>vimEnableInterrupt</name>
         <value>0x5edc</value>
         <object_component_ref idref="oc-3a"/>
      </symbol>
      <symbol id="sm-728">
         <name>vimDisableInterrupt</name>
         <value>0x60a4</value>
         <object_component_ref idref="oc-3a"/>
      </symbol>
      <symbol id="sm-729">
         <name>vimGetConfigValue</name>
         <value>0x6150</value>
         <object_component_ref idref="oc-3a"/>
      </symbol>
      <symbol id="sm-72a">
         <name>vimParityErrorHandler</name>
         <value>0x8ee0</value>
         <object_component_ref idref="oc-39"/>
      </symbol>
      <symbol id="sm-784">
         <name>systemGetConfigValue</name>
         <value>0x559c</value>
         <object_component_ref idref="oc-70"/>
      </symbol>
      <symbol id="sm-785">
         <name>trimLPO</name>
         <value>0x529c</value>
         <object_component_ref idref="oc-70"/>
      </symbol>
      <symbol id="sm-786">
         <name>systemInit</name>
         <value>0x54a0</value>
         <object_component_ref idref="oc-70"/>
      </symbol>
      <symbol id="sm-787">
         <name>tcmflashGetConfigValue</name>
         <value>0x59b0</value>
         <object_component_ref idref="oc-70"/>
      </symbol>
      <symbol id="sm-788">
         <name>sramGetConfigValue</name>
         <value>0x5b5c</value>
         <object_component_ref idref="oc-70"/>
      </symbol>
      <symbol id="sm-789">
         <name>periphInit</name>
         <value>0x5324</value>
         <object_component_ref idref="oc-70"/>
      </symbol>
      <symbol id="sm-78a">
         <name>setupFlash</name>
         <value>0x52e4</value>
         <object_component_ref idref="oc-70"/>
      </symbol>
      <symbol id="sm-78b">
         <name>setupPLL</name>
         <value>0x523c</value>
         <object_component_ref idref="oc-70"/>
      </symbol>
      <symbol id="sm-78c">
         <name>mapClocks</name>
         <value>0x5378</value>
         <object_component_ref idref="oc-70"/>
      </symbol>
      <symbol id="sm-78d">
         <name>systemPowerDown</name>
         <value>0x556c</value>
         <object_component_ref idref="oc-70"/>
      </symbol>
      <symbol id="sm-7bc">
         <name>__TI_auto_init</name>
         <value>0xa4f1</value>
         <object_component_ref idref="oc-82"/>
      </symbol>
      <symbol id="sm-7da">
         <name>__TI_decompress_lzss</name>
         <value>0xa5d1</value>
         <object_component_ref idref="oc-d"/>
      </symbol>
      <symbol id="sm-7f1">
         <name>__TI_decompress_none</name>
         <value>0xa949</value>
         <object_component_ref idref="oc-13"/>
      </symbol>
      <symbol id="sm-803">
         <name>__TI_zero_init</name>
         <value>0xa957</value>
         <object_component_ref idref="oc-19"/>
      </symbol>
      <symbol id="sm-81d">
         <name>copy_in</name>
         <value>0xa805</value>
         <object_component_ref idref="oc-e8"/>
      </symbol>
      <symbol id="sm-83e">
         <name>C$$EXIT</name>
         <value>0xa7b5</value>
         <object_component_ref idref="oc-8e"/>
      </symbol>
      <symbol id="sm-83f">
         <name>abort</name>
         <value>0xa7b9</value>
         <object_component_ref idref="oc-8e"/>
      </symbol>
      <symbol id="sm-840">
         <name>exit</name>
         <value>0xa7c1</value>
         <object_component_ref idref="oc-8e"/>
      </symbol>
      <symbol id="sm-841">
         <name>__TI_dtors_ptr</name>
         <value>0x80030b8</value>
         <object_component_ref idref="oc-120"/>
      </symbol>
      <symbol id="sm-842">
         <name>__TI_cleanup_ptr</name>
         <value>0x80030b4</value>
         <object_component_ref idref="oc-120"/>
      </symbol>
      <symbol id="sm-843">
         <name>__TI_enable_exit_profile_output</name>
         <value>0x80030bc</value>
         <object_component_ref idref="oc-120"/>
      </symbol>
      <symbol id="sm-85e">
         <name>memcpy</name>
         <value>0xa233</value>
         <object_component_ref idref="oc-53"/>
      </symbol>
      <symbol id="sm-85f">
         <name>__aeabi_memcpy</name>
         <value>0xa233</value>
         <object_component_ref idref="oc-53"/>
      </symbol>
      <symbol id="sm-860">
         <name>__aeabi_memcpy8</name>
         <value>0xa233</value>
         <object_component_ref idref="oc-53"/>
      </symbol>
      <symbol id="sm-861">
         <name>__aeabi_memcpy4</name>
         <value>0xa233</value>
         <object_component_ref idref="oc-53"/>
      </symbol>
      <symbol id="sm-870">
         <name>__aeabi_memset</name>
         <value>0xa403</value>
         <object_component_ref idref="oc-5f"/>
      </symbol>
      <symbol id="sm-871">
         <name>memset</name>
         <value>0xa409</value>
         <object_component_ref idref="oc-5f"/>
      </symbol>
      <symbol id="sm-872">
         <name>__aeabi_memset8</name>
         <value>0xa403</value>
         <object_component_ref idref="oc-5f"/>
      </symbol>
      <symbol id="sm-873">
         <name>__aeabi_memset4</name>
         <value>0xa403</value>
         <object_component_ref idref="oc-5f"/>
      </symbol>
      <symbol id="sm-874">
         <name>__aeabi_memclr8</name>
         <value>0xa401</value>
         <object_component_ref idref="oc-5f"/>
      </symbol>
      <symbol id="sm-875">
         <name>__aeabi_memclr4</name>
         <value>0xa401</value>
         <object_component_ref idref="oc-5f"/>
      </symbol>
      <symbol id="sm-876">
         <name>__aeabi_memclr</name>
         <value>0xa401</value>
         <object_component_ref idref="oc-5f"/>
      </symbol>
      <symbol id="sm-899">
         <name>printf</name>
         <value>0xa569</value>
         <object_component_ref idref="oc-fc"/>
      </symbol>
      <symbol id="sm-8a4">
         <name>_system_post_cinit</name>
         <value>0x523b</value>
         <object_component_ref idref="oc-ee"/>
      </symbol>
      <symbol id="sm-8be">
         <name>_nop</name>
         <value>0xa92f</value>
         <object_component_ref idref="oc-1ef"/>
      </symbol>
      <symbol id="sm-8bf">
         <name>_lock</name>
         <value>0x80030cc</value>
         <object_component_ref idref="oc-123"/>
      </symbol>
      <symbol id="sm-8c0">
         <name>_unlock</name>
         <value>0x80030d0</value>
         <object_component_ref idref="oc-123"/>
      </symbol>
      <symbol id="sm-8c1">
         <name>_register_lock</name>
         <value>0xa927</value>
         <object_component_ref idref="oc-1ef"/>
      </symbol>
      <symbol id="sm-8c2">
         <name>_register_unlock</name>
         <value>0xa921</value>
         <object_component_ref idref="oc-1ef"/>
      </symbol>
      <symbol id="sm-9bb">
         <name>__TI_printfi</name>
         <value>0x4985</value>
         <object_component_ref idref="oc-1c7"/>
      </symbol>
      <symbol id="sm-9d0">
         <name>atoi</name>
         <value>0xa765</value>
         <object_component_ref idref="oc-293"/>
      </symbol>
      <symbol id="sm-9db">
         <name>_ctypes_</name>
         <value>0xab68</value>
         <object_component_ref idref="oc-32b"/>
      </symbol>
      <symbol id="sm-9f0">
         <name>__TI_tmpnams</name>
         <value>0x8002620</value>
      </symbol>
      <symbol id="sm-9f1">
         <name>__aeabi_stdout</name>
         <value>0x80030ac</value>
         <object_component_ref idref="oc-2f0"/>
      </symbol>
      <symbol id="sm-9f2">
         <name>__aeabi_stderr</name>
         <value>0x80030b0</value>
         <object_component_ref idref="oc-2f0"/>
      </symbol>
      <symbol id="sm-9f3">
         <name>__aeabi_stdin</name>
         <value>0x80030a8</value>
         <object_component_ref idref="oc-2f0"/>
      </symbol>
      <symbol id="sm-9f4">
         <name>_ftable</name>
         <value>0x8002ed0</value>
         <object_component_ref idref="oc-1cd"/>
      </symbol>
      <symbol id="sm-9f5">
         <name>__TI_ft_end</name>
         <value>0x80030a4</value>
         <object_component_ref idref="oc-2f0"/>
      </symbol>
      <symbol id="sm-a0c">
         <name>putc</name>
         <value>0xa369</value>
         <object_component_ref idref="oc-1bb"/>
      </symbol>
      <symbol id="sm-a0d">
         <name>fputc</name>
         <value>0xa369</value>
         <object_component_ref idref="oc-1bb"/>
      </symbol>
      <symbol id="sm-a0e">
         <name>putchar</name>
         <value>0xa3ef</value>
         <object_component_ref idref="oc-1bb"/>
      </symbol>
      <symbol id="sm-a30">
         <name>puts</name>
         <value>0x9be5</value>
         <object_component_ref idref="oc-1c1"/>
      </symbol>
      <symbol id="sm-a31">
         <name>fputs</name>
         <value>0x9ad5</value>
         <object_component_ref idref="oc-1c1"/>
      </symbol>
      <symbol id="sm-a7f">
         <name>open</name>
         <value>0x8d0d</value>
         <object_component_ref idref="oc-260"/>
      </symbol>
      <symbol id="sm-a80">
         <name>add_device</name>
         <value>0x8e35</value>
         <object_component_ref idref="oc-260"/>
      </symbol>
      <symbol id="sm-a81">
         <name>remove_device</name>
         <value>0x8cc1</value>
         <object_component_ref idref="oc-260"/>
      </symbol>
      <symbol id="sm-a82">
         <name>lseek</name>
         <value>0x8dc3</value>
         <object_component_ref idref="oc-260"/>
      </symbol>
      <symbol id="sm-a83">
         <name>read</name>
         <value>0x8ce9</value>
         <object_component_ref idref="oc-260"/>
      </symbol>
      <symbol id="sm-a84">
         <name>rename</name>
         <value>0x8c83</value>
         <object_component_ref idref="oc-260"/>
      </symbol>
      <symbol id="sm-a85">
         <name>write</name>
         <value>0x8bcd</value>
         <object_component_ref idref="oc-260"/>
      </symbol>
      <symbol id="sm-a86">
         <name>close</name>
         <value>0x8de7</value>
         <object_component_ref idref="oc-260"/>
      </symbol>
      <symbol id="sm-a87">
         <name>unlink</name>
         <value>0x8c61</value>
         <object_component_ref idref="oc-260"/>
      </symbol>
      <symbol id="sm-a96">
         <name>ltoa</name>
         <value>0xa70d</value>
         <object_component_ref idref="oc-27b"/>
      </symbol>
      <symbol id="sm-aa6">
         <name>memccpy</name>
         <value>0xa8a7</value>
         <object_component_ref idref="oc-299"/>
      </symbol>
      <symbol id="sm-ab6">
         <name>memchr</name>
         <value>0xa887</value>
         <object_component_ref idref="oc-26e"/>
      </symbol>
      <symbol id="sm-acf">
         <name>frexpl</name>
         <value>0xa47d</value>
         <object_component_ref idref="oc-281"/>
      </symbol>
      <symbol id="sm-ad0">
         <name>frexp</name>
         <value>0xa47d</value>
         <object_component_ref idref="oc-281"/>
      </symbol>
      <symbol id="sm-aee">
         <name>scalbn</name>
         <value>0x9d21</value>
         <object_component_ref idref="oc-287"/>
      </symbol>
      <symbol id="sm-aef">
         <name>scalbnl</name>
         <value>0x9d21</value>
         <object_component_ref idref="oc-287"/>
      </symbol>
      <symbol id="sm-af0">
         <name>ldexpl</name>
         <value>0x9d21</value>
         <object_component_ref idref="oc-287"/>
      </symbol>
      <symbol id="sm-af1">
         <name>ldexp</name>
         <value>0x9d21</value>
         <object_component_ref idref="oc-287"/>
      </symbol>
      <symbol id="sm-b01">
         <name>strchr</name>
         <value>0xa8f3</value>
         <object_component_ref idref="oc-28d"/>
      </symbol>
      <symbol id="sm-b10">
         <name>strcmp</name>
         <value>0xa8db</value>
         <object_component_ref idref="oc-2f5"/>
      </symbol>
      <symbol id="sm-b1e">
         <name>strlen</name>
         <value>0xa909</value>
         <object_component_ref idref="oc-268"/>
      </symbol>
      <symbol id="sm-b2e">
         <name>strncpy</name>
         <value>0xa851</value>
         <object_component_ref idref="oc-2fb"/>
      </symbol>
      <symbol id="sm-b55">
         <name>HOSTgetenv</name>
         <value>0x8b0b</value>
         <object_component_ref idref="oc-384"/>
      </symbol>
      <symbol id="sm-b56">
         <name>HOSTrename</name>
         <value>0x89b5</value>
         <object_component_ref idref="oc-384"/>
      </symbol>
      <symbol id="sm-b57">
         <name>HOSTclose</name>
         <value>0x8b49</value>
         <object_component_ref idref="oc-384"/>
      </symbol>
      <symbol id="sm-b58">
         <name>HOSTtime64</name>
         <value>0x8931</value>
         <object_component_ref idref="oc-384"/>
      </symbol>
      <symbol id="sm-b59">
         <name>HOSTunlink</name>
         <value>0x88f9</value>
         <object_component_ref idref="oc-384"/>
      </symbol>
      <symbol id="sm-b5a">
         <name>HOSTlseek</name>
         <value>0x8ab1</value>
         <object_component_ref idref="oc-384"/>
      </symbol>
      <symbol id="sm-b5b">
         <name>HOSTopen</name>
         <value>0x8a61</value>
         <object_component_ref idref="oc-384"/>
      </symbol>
      <symbol id="sm-b5c">
         <name>HOSTclock</name>
         <value>0x8b81</value>
         <object_component_ref idref="oc-384"/>
      </symbol>
      <symbol id="sm-b5d">
         <name>HOSTwrite</name>
         <value>0x88ad</value>
         <object_component_ref idref="oc-384"/>
      </symbol>
      <symbol id="sm-b5e">
         <name>HOSTread</name>
         <value>0x8a13</value>
         <object_component_ref idref="oc-384"/>
      </symbol>
      <symbol id="sm-b5f">
         <name>HOSTtime</name>
         <value>0x897b</value>
         <object_component_ref idref="oc-384"/>
      </symbol>
      <symbol id="sm-b7a">
         <name>__TI_readmsg</name>
         <value>0xa673</value>
         <object_component_ref idref="oc-3be"/>
      </symbol>
      <symbol id="sm-b7b">
         <name>C$$IO$$</name>
         <value>0xa66f</value>
         <object_component_ref idref="oc-3be"/>
      </symbol>
      <symbol id="sm-b7c">
         <name>__CIOBUF_</name>
         <value>0x8002500</value>
         <object_component_ref idref="oc-3dd"/>
      </symbol>
      <symbol id="sm-b7d">
         <name>__TI_writemsg</name>
         <value>0xa63d</value>
         <object_component_ref idref="oc-3be"/>
      </symbol>
      <symbol id="sm-b99">
         <name>__aeabi_uldivmod</name>
         <value>0x91bc</value>
         <object_component_ref idref="oc-276"/>
      </symbol>
      <symbol id="sm-bb7">
         <name>__TI_wrt_ok</name>
         <value>0xa185</value>
         <object_component_ref idref="oc-254"/>
      </symbol>
      <symbol id="sm-bb8">
         <name>__TI_rd_ok</name>
         <value>0xa1e9</value>
         <object_component_ref idref="oc-254"/>
      </symbol>
      <symbol id="sm-bc0">
         <name>errno</name>
         <value>0x80030d4</value>
         <object_component_ref idref="oc-324"/>
      </symbol>
      <symbol id="sm-bdb">
         <name>__TI_doflush</name>
         <value>0xa0b9</value>
         <object_component_ref idref="oc-25a"/>
      </symbol>
      <symbol id="sm-bdc">
         <name>fflush</name>
         <value>0xa105</value>
         <object_component_ref idref="oc-25a"/>
      </symbol>
      <symbol id="sm-bee">
         <name>fseek</name>
         <value>0xa6a9</value>
         <object_component_ref idref="oc-2e2"/>
      </symbol>
      <symbol id="sm-bf8">
         <name>copysign</name>
         <value>0xa8c3</value>
         <object_component_ref idref="oc-31e"/>
      </symbol>
      <symbol id="sm-bf9">
         <name>copysignl</name>
         <value>0xa8c3</value>
         <object_component_ref idref="oc-31e"/>
      </symbol>
      <symbol id="sm-c15">
         <name>setvbuf</name>
         <value>0x9fdd</value>
         <object_component_ref idref="oc-2e8"/>
      </symbol>
      <symbol id="sm-c23">
         <name>strcpy</name>
         <value>0xa935</value>
         <object_component_ref idref="oc-3c4"/>
      </symbol>
      <symbol id="sm-c5a">
         <name>__TI_cleanup</name>
         <value>0x99d7</value>
         <object_component_ref idref="oc-36d"/>
      </symbol>
      <symbol id="sm-c5b">
         <name>freopen</name>
         <value>0x9a03</value>
         <object_component_ref idref="oc-36d"/>
      </symbol>
      <symbol id="sm-c5c">
         <name>fopen</name>
         <value>0x9a2d</value>
         <object_component_ref idref="oc-36d"/>
      </symbol>
      <symbol id="sm-cc8">
         <name>_sys_memory</name>
         <value>0x80026d0</value>
         <object_component_ref idref="oc-45"/>
      </symbol>
      <symbol id="sm-cc9">
         <name>free</name>
         <value>0x8271</value>
         <object_component_ref idref="oc-367"/>
      </symbol>
      <symbol id="sm-cca">
         <name>realloc</name>
         <value>0x8333</value>
         <object_component_ref idref="oc-367"/>
      </symbol>
      <symbol id="sm-ccb">
         <name>memalign</name>
         <value>0x843d</value>
         <object_component_ref idref="oc-367"/>
      </symbol>
      <symbol id="sm-ccc">
         <name>calloc</name>
         <value>0x852f</value>
         <object_component_ref idref="oc-367"/>
      </symbol>
      <symbol id="sm-ccd">
         <name>malloc</name>
         <value>0x8207</value>
         <object_component_ref idref="oc-367"/>
      </symbol>
      <symbol id="sm-cce">
         <name>minit</name>
         <value>0x8189</value>
         <object_component_ref idref="oc-367"/>
      </symbol>
      <symbol id="sm-ce4">
         <name>__TI_closefile</name>
         <value>0xa2d1</value>
         <object_component_ref idref="oc-3af"/>
      </symbol>
      <symbol id="sm-ce5">
         <name>fclose</name>
         <value>0xa337</value>
         <object_component_ref idref="oc-3af"/>
      </symbol>
      <symbol id="sm-ce7">
         <name>__TI_static_base__</name>
         <value>0x0</value>
      </symbol>
      <symbol id="sm-cea">
         <name>SHT$$INIT_ARRAY$$Base</name>
         <value>0x0</value>
      </symbol>
      <symbol id="sm-ceb">
         <name>SHT$$INIT_ARRAY$$Limit</name>
         <value>0x0</value>
      </symbol>
      <symbol id="sm-cec">
         <name>remove</name>
         <value>0x8c61</value>
      </symbol>
   </symbol_table>
   <title>Link successful</title>
</link_info>
